mode: set
github.com/turtlepavlo/sso/internal/docs/docs.go:181.13,183.2 1 0
github.com/turtlepavlo/sso/internal/lib/jwt/config.go:15.72,19.2 1 0
github.com/turtlepavlo/sso/internal/lib/jwt/jwt.go:35.110,50.16 5 0
github.com/turtlepavlo/sso/internal/lib/jwt/jwt.go:50.16,52.3 1 0
github.com/turtlepavlo/sso/internal/lib/jwt/jwt.go:54.2,54.25 1 0
github.com/turtlepavlo/sso/internal/lib/jwt/jwt.go:57.96,58.83 1 0
github.com/turtlepavlo/sso/internal/lib/jwt/jwt.go:58.83,59.58 1 0
github.com/turtlepavlo/sso/internal/lib/jwt/jwt.go:59.58,61.4 1 0
github.com/turtlepavlo/sso/internal/lib/jwt/jwt.go:62.3,62.21 1 0
github.com/turtlepavlo/sso/internal/lib/jwt/jwt.go:65.2,65.32 1 0
github.com/turtlepavlo/sso/internal/lib/jwt/jwt.go:65.32,67.3 1 0
github.com/turtlepavlo/sso/internal/lib/jwt/jwt.go:69.2,70.9 2 0
github.com/turtlepavlo/sso/internal/lib/jwt/jwt.go:70.9,72.3 1 0
github.com/turtlepavlo/sso/internal/lib/jwt/jwt.go:74.2,74.20 1 0
github.com/turtlepavlo/sso/internal/lib/jwt/jwt.go:77.85,83.22 5 0
github.com/turtlepavlo/sso/internal/lib/jwt/jwt.go:83.22,85.3 1 0
github.com/turtlepavlo/sso/internal/lib/jwt/jwt.go:87.2,92.8 1 0
github.com/turtlepavlo/sso/internal/handler/auth.go:25.89,27.15 1 0
github.com/turtlepavlo/sso/internal/handler/auth.go:27.15,28.46 1 0
github.com/turtlepavlo/sso/internal/handler/auth.go:28.46,30.4 1 0
github.com/turtlepavlo/sso/internal/handler/auth.go:33.2,37.45 4 0
github.com/turtlepavlo/sso/internal/handler/auth.go:37.45,43.3 4 0
github.com/turtlepavlo/sso/internal/handler/auth.go:45.2,46.16 2 0
github.com/turtlepavlo/sso/internal/handler/auth.go:46.16,49.52 2 0
github.com/turtlepavlo/sso/internal/handler/auth.go:49.52,53.4 3 0
github.com/turtlepavlo/sso/internal/handler/auth.go:55.3,57.9 3 0
github.com/turtlepavlo/sso/internal/handler/auth.go:60.2,72.69 5 0
github.com/turtlepavlo/sso/internal/handler/auth.go:72.69,74.3 1 0
github.com/turtlepavlo/sso/internal/handler/config.go:20.66,30.2 1 0
github.com/turtlepavlo/sso/internal/handler/handler.go:20.61,25.2 1 0
github.com/turtlepavlo/sso/internal/handler/login.go:12.71,14.15 1 0
github.com/turtlepavlo/sso/internal/handler/login.go:14.15,15.40 1 0
github.com/turtlepavlo/sso/internal/handler/login.go:15.40,17.4 1 0
github.com/turtlepavlo/sso/internal/handler/login.go:20.2,21.15 2 0
github.com/turtlepavlo/sso/internal/handler/login.go:21.15,25.3 3 0
github.com/turtlepavlo/sso/internal/handler/login.go:27.2,28.59 2 0
github.com/turtlepavlo/sso/internal/handler/login.go:28.59,32.3 3 0
github.com/turtlepavlo/sso/internal/handler/login.go:34.2,44.60 5 0
github.com/turtlepavlo/sso/internal/handler/login.go:44.60,46.3 1 0
github.com/turtlepavlo/sso/internal/handler/register.go:23.93,25.15 1 0
github.com/turtlepavlo/sso/internal/handler/register.go:25.15,26.46 1 0
github.com/turtlepavlo/sso/internal/handler/register.go:26.46,28.4 1 0
github.com/turtlepavlo/sso/internal/handler/register.go:31.2,36.45 4 0
github.com/turtlepavlo/sso/internal/handler/register.go:36.45,42.3 4 0
github.com/turtlepavlo/sso/internal/handler/register.go:44.2,53.16 2 0
github.com/turtlepavlo/sso/internal/handler/register.go:53.16,56.51 2 0
github.com/turtlepavlo/sso/internal/handler/register.go:56.51,60.4 3 0
github.com/turtlepavlo/sso/internal/handler/register.go:62.3,64.9 3 0
github.com/turtlepavlo/sso/internal/handler/register.go:67.2,75.69 5 0
github.com/turtlepavlo/sso/internal/handler/register.go:75.69,77.3 1 0
github.com/turtlepavlo/sso/internal/handler/router.go:11.96,28.2 11 0
github.com/turtlepavlo/sso/cmd/sso/config.go:24.66,31.2 1 0
github.com/turtlepavlo/sso/cmd/sso/config.go:33.48,36.52 2 0
github.com/turtlepavlo/sso/cmd/sso/config.go:36.52,38.3 1 0
github.com/turtlepavlo/sso/cmd/sso/config.go:40.2,40.53 1 0
github.com/turtlepavlo/sso/cmd/sso/config.go:40.53,42.3 1 0
github.com/turtlepavlo/sso/cmd/sso/config.go:44.2,44.17 1 0
github.com/turtlepavlo/sso/cmd/sso/main.go:23.13,27.16 3 0
github.com/turtlepavlo/sso/cmd/sso/main.go:27.16,30.3 2 0
github.com/turtlepavlo/sso/cmd/sso/main.go:32.2,33.16 2 0
github.com/turtlepavlo/sso/cmd/sso/main.go:33.16,36.3 2 0
github.com/turtlepavlo/sso/cmd/sso/main.go:37.2,37.15 1 0
github.com/turtlepavlo/sso/cmd/sso/main.go:37.15,38.86 1 0
github.com/turtlepavlo/sso/cmd/sso/main.go:38.86,40.4 1 0
github.com/turtlepavlo/sso/cmd/sso/main.go:43.2,44.16 2 0
github.com/turtlepavlo/sso/cmd/sso/main.go:44.16,47.3 2 0
github.com/turtlepavlo/sso/cmd/sso/main.go:48.2,48.15 1 0
github.com/turtlepavlo/sso/cmd/sso/main.go:48.15,49.38 1 0
github.com/turtlepavlo/sso/cmd/sso/main.go:49.38,51.4 1 0
github.com/turtlepavlo/sso/cmd/sso/main.go:54.2,84.12 8 0
github.com/turtlepavlo/sso/cmd/sso/main.go:84.12,89.87 2 0
github.com/turtlepavlo/sso/cmd/sso/main.go:89.87,92.4 2 0
github.com/turtlepavlo/sso/cmd/sso/main.go:95.2,101.44 5 0
github.com/turtlepavlo/sso/cmd/sso/main.go:101.44,104.3 2 0
github.com/turtlepavlo/sso/cmd/sso/main.go:105.2,105.42 1 0
github.com/turtlepavlo/sso/internal/middleware/auth.go:14.78,15.46 1 0
github.com/turtlepavlo/sso/internal/middleware/auth.go:15.46,16.72 1 0
github.com/turtlepavlo/sso/internal/middleware/auth.go:16.72,20.24 3 0
github.com/turtlepavlo/sso/internal/middleware/auth.go:20.24,23.5 2 0
github.com/turtlepavlo/sso/internal/middleware/auth.go:25.4,26.47 2 0
github.com/turtlepavlo/sso/internal/middleware/auth.go:26.47,29.5 2 0
github.com/turtlepavlo/sso/internal/middleware/auth.go:31.4,34.18 3 0
github.com/turtlepavlo/sso/internal/middleware/auth.go:34.18,38.5 3 0
github.com/turtlepavlo/sso/internal/middleware/auth.go:40.4,41.18 2 0
github.com/turtlepavlo/sso/internal/middleware/auth.go:41.18,45.5 3 0
github.com/turtlepavlo/sso/internal/middleware/auth.go:47.4,48.18 2 0
github.com/turtlepavlo/sso/internal/middleware/auth.go:48.18,52.5 3 0
github.com/turtlepavlo/sso/internal/middleware/auth.go:54.4,56.24 2 0
github.com/turtlepavlo/sso/internal/middleware/config.go:29.55,41.2 1 0
github.com/turtlepavlo/sso/internal/middleware/cors.go:5.55,6.22 1 0
github.com/turtlepavlo/sso/internal/middleware/cors.go:6.22,7.47 1 0
github.com/turtlepavlo/sso/internal/middleware/cors.go:7.47,7.62 1 0
github.com/turtlepavlo/sso/internal/middleware/cors.go:10.2,14.46 4 0
github.com/turtlepavlo/sso/internal/middleware/cors.go:14.46,15.78 1 0
github.com/turtlepavlo/sso/internal/middleware/cors.go:15.78,21.40 5 0
github.com/turtlepavlo/sso/internal/middleware/cors.go:21.40,24.5 2 0
github.com/turtlepavlo/sso/internal/middleware/cors.go:25.4,25.30 1 0
github.com/turtlepavlo/sso/internal/middleware/logger.go:10.79,11.24 1 0
github.com/turtlepavlo/sso/internal/middleware/logger.go:11.24,12.47 1 0
github.com/turtlepavlo/sso/internal/middleware/logger.go:12.47,12.62 1 0
github.com/turtlepavlo/sso/internal/middleware/logger.go:15.2,15.19 1 0
github.com/turtlepavlo/sso/internal/middleware/logger.go:15.19,17.3 1 0
github.com/turtlepavlo/sso/internal/middleware/logger.go:19.2,19.46 1 0
github.com/turtlepavlo/sso/internal/middleware/logger.go:19.46,20.78 1 0
github.com/turtlepavlo/sso/internal/middleware/logger.go:20.78,31.4 3 0
github.com/turtlepavlo/sso/internal/middleware/ratelimiter.go:18.95,19.29 1 0
github.com/turtlepavlo/sso/internal/middleware/ratelimiter.go:19.29,20.47 1 0
github.com/turtlepavlo/sso/internal/middleware/ratelimiter.go:20.47,20.62 1 0
github.com/turtlepavlo/sso/internal/middleware/ratelimiter.go:22.2,22.19 1 0
github.com/turtlepavlo/sso/internal/middleware/ratelimiter.go:22.19,24.3 1 0
github.com/turtlepavlo/sso/internal/middleware/ratelimiter.go:26.2,33.12 2 0
github.com/turtlepavlo/sso/internal/middleware/ratelimiter.go:33.12,37.22 3 0
github.com/turtlepavlo/sso/internal/middleware/ratelimiter.go:37.22,41.40 3 0
github.com/turtlepavlo/sso/internal/middleware/ratelimiter.go:41.40,47.15 4 0
github.com/turtlepavlo/sso/internal/middleware/ratelimiter.go:47.15,49.6 1 0
github.com/turtlepavlo/sso/internal/middleware/ratelimiter.go:51.4,51.25 1 0
github.com/turtlepavlo/sso/internal/middleware/ratelimiter.go:55.2,55.39 1 0
github.com/turtlepavlo/sso/internal/middleware/ratelimiter.go:55.39,60.13 4 0
github.com/turtlepavlo/sso/internal/middleware/ratelimiter.go:60.13,62.4 1 0
github.com/turtlepavlo/sso/internal/middleware/ratelimiter.go:64.3,67.47 3 0
github.com/turtlepavlo/sso/internal/middleware/ratelimiter.go:67.47,69.4 1 0
github.com/turtlepavlo/sso/internal/middleware/ratelimiter.go:71.3,73.20 3 0
github.com/turtlepavlo/sso/internal/middleware/ratelimiter.go:76.2,76.53 1 0
github.com/turtlepavlo/sso/internal/middleware/ratelimiter.go:76.53,77.91 1 0
github.com/turtlepavlo/sso/internal/middleware/ratelimiter.go:77.91,79.36 2 0
github.com/turtlepavlo/sso/internal/middleware/ratelimiter.go:79.36,81.5 1 0
github.com/turtlepavlo/sso/internal/middleware/ratelimiter.go:83.4,92.27 8 0
github.com/turtlepavlo/sso/internal/middleware/ratelimiter.go:92.27,94.5 1 0
github.com/turtlepavlo/sso/internal/middleware/ratelimiter.go:95.4,96.36 2 0
github.com/turtlepavlo/sso/internal/middleware/ratelimiter.go:96.36,103.5 3 0
github.com/turtlepavlo/sso/internal/middleware/ratelimiter.go:104.4,105.50 2 0
github.com/turtlepavlo/sso/internal/middleware/recover.go:10.78,11.25 1 0
github.com/turtlepavlo/sso/internal/middleware/recover.go:11.25,12.47 1 0
github.com/turtlepavlo/sso/internal/middleware/recover.go:12.47,12.62 1 0
github.com/turtlepavlo/sso/internal/middleware/recover.go:14.2,14.19 1 0
github.com/turtlepavlo/sso/internal/middleware/recover.go:14.19,16.3 1 0
github.com/turtlepavlo/sso/internal/middleware/recover.go:18.2,21.46 3 0
github.com/turtlepavlo/sso/internal/middleware/recover.go:21.46,22.78 1 0
github.com/turtlepavlo/sso/internal/middleware/recover.go:22.78,23.17 1 0
github.com/turtlepavlo/sso/internal/middleware/recover.go:23.17,24.37 1 0
github.com/turtlepavlo/sso/internal/middleware/recover.go:24.37,30.19 2 0
github.com/turtlepavlo/sso/internal/middleware/recover.go:30.19,35.7 1 0
github.com/turtlepavlo/sso/internal/middleware/recover.go:35.12,39.7 1 0
github.com/turtlepavlo/sso/internal/middleware/recover.go:41.6,43.78 3 0
github.com/turtlepavlo/sso/internal/middleware/recover.go:43.78,45.7 1 0
github.com/turtlepavlo/sso/internal/middleware/recover.go:48.4,48.30 1 0
github.com/turtlepavlo/sso/internal/storage/convertor.go:5.54,13.2 1 1
github.com/turtlepavlo/sso/internal/storage/convertor.go:15.66,21.2 1 1
github.com/turtlepavlo/sso/internal/storage/convertor.go:23.54,36.2 1 1
github.com/turtlepavlo/sso/internal/storage/dto.go:14.42,14.60 1 0
github.com/turtlepavlo/sso/internal/storage/dto.go:24.41,24.63 1 0
github.com/turtlepavlo/sso/internal/storage/user_repo.go:18.41,20.2 1 0
github.com/turtlepavlo/sso/internal/storage/user_repo.go:22.68,23.69 1 0
github.com/turtlepavlo/sso/internal/storage/user_repo.go:23.69,25.54 2 0
github.com/turtlepavlo/sso/internal/storage/user_repo.go:25.54,27.4 1 0
github.com/turtlepavlo/sso/internal/storage/user_repo.go:29.3,30.54 2 0
github.com/turtlepavlo/sso/internal/storage/user_repo.go:30.54,32.4 1 0
github.com/turtlepavlo/sso/internal/storage/user_repo.go:34.3,35.13 2 0
github.com/turtlepavlo/sso/internal/storage/user_repo.go:39.112,49.16 3 0
github.com/turtlepavlo/sso/internal/storage/user_repo.go:49.16,50.45 1 0
github.com/turtlepavlo/sso/internal/storage/user_repo.go:50.45,52.4 1 0
github.com/turtlepavlo/sso/internal/storage/user_repo.go:53.3,53.18 1 0
github.com/turtlepavlo/sso/internal/storage/user_repo.go:56.2,56.36 1 0
github.com/turtlepavlo/sso/internal/storage/user_repo.go:59.88,61.16 2 0
github.com/turtlepavlo/sso/internal/storage/user_repo.go:61.16,62.38 1 0
github.com/turtlepavlo/sso/internal/storage/user_repo.go:62.38,64.4 1 0
github.com/turtlepavlo/sso/internal/storage/user_repo.go:65.3,65.65 1 0
github.com/turtlepavlo/sso/internal/storage/user_repo.go:67.2,67.24 1 0
github.com/turtlepavlo/sso/internal/storage/user_repo.go:70.81,72.16 2 0
github.com/turtlepavlo/sso/internal/storage/user_repo.go:72.16,73.38 1 0
github.com/turtlepavlo/sso/internal/storage/user_repo.go:73.38,75.4 1 0
github.com/turtlepavlo/sso/internal/storage/user_repo.go:76.3,76.62 1 0
github.com/turtlepavlo/sso/internal/storage/user_repo.go:78.2,78.24 1 0
github.com/turtlepavlo/sso/internal/storage/user_repo.go:81.88,83.16 2 0
github.com/turtlepavlo/sso/internal/storage/user_repo.go:83.16,84.38 1 0
github.com/turtlepavlo/sso/internal/storage/user_repo.go:84.38,86.4 1 0
github.com/turtlepavlo/sso/internal/storage/user_repo.go:87.3,87.65 1 0
github.com/turtlepavlo/sso/internal/storage/user_repo.go:89.2,89.24 1 0
github.com/turtlepavlo/sso/internal/service/auth.go:28.24,35.13 5 1
github.com/turtlepavlo/sso/internal/service/auth.go:35.13,37.3 1 1
github.com/turtlepavlo/sso/internal/service/auth.go:37.8,40.22 2 1
github.com/turtlepavlo/sso/internal/service/auth.go:40.22,43.4 1 1
github.com/turtlepavlo/sso/internal/service/auth.go:43.9,45.4 1 1
github.com/turtlepavlo/sso/internal/service/auth.go:48.2,48.16 1 1
github.com/turtlepavlo/sso/internal/service/auth.go:48.16,49.46 1 1
github.com/turtlepavlo/sso/internal/service/auth.go:49.46,51.4 1 1
github.com/turtlepavlo/sso/internal/service/auth.go:52.3,52.74 1 1
github.com/turtlepavlo/sso/internal/service/auth.go:55.2,55.95 1 1
github.com/turtlepavlo/sso/internal/service/auth.go:55.95,57.3 1 1
github.com/turtlepavlo/sso/internal/service/auth.go:59.2,73.20 5 1
github.com/turtlepavlo/sso/internal/service/auth.go:73.20,75.3 1 0
github.com/turtlepavlo/sso/internal/service/auth.go:77.2,82.8 1 1
github.com/turtlepavlo/sso/internal/service/create.go:16.18,20.16 3 1
github.com/turtlepavlo/sso/internal/service/create.go:20.16,22.3 1 0
github.com/turtlepavlo/sso/internal/service/create.go:24.2,33.52 2 1
github.com/turtlepavlo/sso/internal/service/create.go:33.52,35.3 1 1
github.com/turtlepavlo/sso/internal/service/create.go:37.2,37.24 1 1
github.com/turtlepavlo/sso/internal/service/service.go:22.80,28.2 1 1
github.com/turtlepavlo/sso/pkg/logger/config.go:14.55,19.2 1 0
github.com/turtlepavlo/sso/pkg/logger/logger.go:9.44,12.36 2 0
github.com/turtlepavlo/sso/pkg/logger/logger.go:13.28,14.35 1 0
github.com/turtlepavlo/sso/pkg/logger/logger.go:15.10,16.34 1 0
github.com/turtlepavlo/sso/pkg/logger/logger.go:19.2,19.37 1 0
github.com/turtlepavlo/sso/pkg/logger/logger.go:20.15,21.51 1 0
github.com/turtlepavlo/sso/pkg/logger/logger.go:22.14,23.50 1 0
github.com/turtlepavlo/sso/pkg/logger/logger.go:24.15,25.51 1 0
github.com/turtlepavlo/sso/pkg/logger/logger.go:26.10,27.50 1 0
github.com/turtlepavlo/sso/pkg/logger/logger.go:30.2,30.20 1 0
github.com/turtlepavlo/sso/internal/storage/database/postgres/config.go:28.53,41.2 1 1
github.com/turtlepavlo/sso/internal/storage/database/postgres/connection.go:17.88,41.16 5 0
github.com/turtlepavlo/sso/internal/storage/database/postgres/connection.go:41.16,43.3 1 0
github.com/turtlepavlo/sso/internal/storage/database/postgres/connection.go:45.2,46.16 2 0
github.com/turtlepavlo/sso/internal/storage/database/postgres/connection.go:46.16,48.3 1 0
github.com/turtlepavlo/sso/internal/storage/database/postgres/connection.go:50.2,55.55 5 0
github.com/turtlepavlo/sso/internal/storage/database/postgres/connection.go:55.55,57.3 1 0
github.com/turtlepavlo/sso/internal/storage/database/postgres/connection.go:59.2,65.55 2 0
github.com/turtlepavlo/sso/internal/storage/database/postgres/connection.go:68.41,70.16 2 0
github.com/turtlepavlo/sso/internal/storage/database/postgres/connection.go:70.16,72.3 1 0
github.com/turtlepavlo/sso/internal/storage/database/postgres/connection.go:73.2,73.30 1 0
github.com/turtlepavlo/sso/internal/storage/database/postgres/connection.go:76.41,78.2 1 0
github.com/turtlepavlo/sso/internal/storage/database/postgres/logger.go:16.79,19.2 2 0
github.com/turtlepavlo/sso/internal/storage/database/postgres/logger.go:21.88,22.37 1 0
github.com/turtlepavlo/sso/internal/storage/database/postgres/logger.go:22.37,24.3 1 0
github.com/turtlepavlo/sso/internal/storage/database/postgres/logger.go:27.88,28.37 1 0
github.com/turtlepavlo/sso/internal/storage/database/postgres/logger.go:28.37,30.3 1 0
github.com/turtlepavlo/sso/internal/storage/database/postgres/logger.go:33.89,34.38 1 0
github.com/turtlepavlo/sso/internal/storage/database/postgres/logger.go:34.38,36.3 1 0
github.com/turtlepavlo/sso/internal/storage/database/postgres/logger.go:39.111,40.39 1 0
github.com/turtlepavlo/sso/internal/storage/database/postgres/logger.go:40.39,42.3 1 0
github.com/turtlepavlo/sso/internal/storage/database/postgres/logger.go:44.2,53.9 4 0
github.com/turtlepavlo/sso/internal/storage/database/postgres/logger.go:54.54,55.81 1 0
github.com/turtlepavlo/sso/internal/storage/database/postgres/logger.go:56.39,58.54 1 0
