mode: set
github.com/turtlepavlo/sso/internal/storage/convertor.go:5.54,13.2 1 1
github.com/turtlepavlo/sso/internal/storage/convertor.go:15.66,21.2 1 1
github.com/turtlepavlo/sso/internal/storage/convertor.go:23.54,36.2 1 1
github.com/turtlepavlo/sso/internal/storage/dto.go:14.42,14.60 1 0
github.com/turtlepavlo/sso/internal/storage/dto.go:24.41,24.63 1 0
github.com/turtlepavlo/sso/internal/storage/user_repo.go:18.41,20.2 1 0
github.com/turtlepavlo/sso/internal/storage/user_repo.go:22.68,23.69 1 0
github.com/turtlepavlo/sso/internal/storage/user_repo.go:23.69,25.54 2 0
github.com/turtlepavlo/sso/internal/storage/user_repo.go:25.54,27.4 1 0
github.com/turtlepavlo/sso/internal/storage/user_repo.go:29.3,30.54 2 0
github.com/turtlepavlo/sso/internal/storage/user_repo.go:30.54,32.4 1 0
github.com/turtlepavlo/sso/internal/storage/user_repo.go:34.3,35.13 2 0
github.com/turtlepavlo/sso/internal/storage/user_repo.go:39.112,49.16 3 0
github.com/turtlepavlo/sso/internal/storage/user_repo.go:49.16,50.45 1 0
github.com/turtlepavlo/sso/internal/storage/user_repo.go:50.45,52.4 1 0
github.com/turtlepavlo/sso/internal/storage/user_repo.go:53.3,53.18 1 0
github.com/turtlepavlo/sso/internal/storage/user_repo.go:56.2,56.36 1 0
github.com/turtlepavlo/sso/internal/storage/user_repo.go:59.88,61.16 2 0
github.com/turtlepavlo/sso/internal/storage/user_repo.go:61.16,62.38 1 0
github.com/turtlepavlo/sso/internal/storage/user_repo.go:62.38,64.4 1 0
github.com/turtlepavlo/sso/internal/storage/user_repo.go:65.3,65.65 1 0
github.com/turtlepavlo/sso/internal/storage/user_repo.go:67.2,67.24 1 0
github.com/turtlepavlo/sso/internal/storage/user_repo.go:70.81,72.16 2 0
github.com/turtlepavlo/sso/internal/storage/user_repo.go:72.16,73.38 1 0
github.com/turtlepavlo/sso/internal/storage/user_repo.go:73.38,75.4 1 0
github.com/turtlepavlo/sso/internal/storage/user_repo.go:76.3,76.62 1 0
github.com/turtlepavlo/sso/internal/storage/user_repo.go:78.2,78.24 1 0
github.com/turtlepavlo/sso/internal/storage/user_repo.go:81.88,83.16 2 0
github.com/turtlepavlo/sso/internal/storage/user_repo.go:83.16,84.38 1 0
github.com/turtlepavlo/sso/internal/storage/user_repo.go:84.38,86.4 1 0
github.com/turtlepavlo/sso/internal/storage/user_repo.go:87.3,87.65 1 0
github.com/turtlepavlo/sso/internal/storage/user_repo.go:89.2,89.24 1 0
github.com/turtlepavlo/sso/internal/storage/convertor.go:5.54,13.2 1 0
github.com/turtlepavlo/sso/internal/storage/convertor.go:15.66,21.2 1 0
github.com/turtlepavlo/sso/internal/storage/convertor.go:23.54,36.2 1 0
github.com/turtlepavlo/sso/internal/storage/dto.go:14.42,14.60 1 0
github.com/turtlepavlo/sso/internal/storage/dto.go:24.41,24.63 1 0
github.com/turtlepavlo/sso/internal/storage/user_repo.go:18.41,20.2 1 0
github.com/turtlepavlo/sso/internal/storage/user_repo.go:22.68,23.69 1 0
github.com/turtlepavlo/sso/internal/storage/user_repo.go:23.69,25.54 2 0
github.com/turtlepavlo/sso/internal/storage/user_repo.go:25.54,27.4 1 0
github.com/turtlepavlo/sso/internal/storage/user_repo.go:29.3,30.54 2 0
github.com/turtlepavlo/sso/internal/storage/user_repo.go:30.54,32.4 1 0
github.com/turtlepavlo/sso/internal/storage/user_repo.go:34.3,35.13 2 0
github.com/turtlepavlo/sso/internal/storage/user_repo.go:39.112,49.16 3 0
github.com/turtlepavlo/sso/internal/storage/user_repo.go:49.16,50.45 1 0
github.com/turtlepavlo/sso/internal/storage/user_repo.go:50.45,52.4 1 0
github.com/turtlepavlo/sso/internal/storage/user_repo.go:53.3,53.18 1 0
github.com/turtlepavlo/sso/internal/storage/user_repo.go:56.2,56.36 1 0
github.com/turtlepavlo/sso/internal/storage/user_repo.go:59.88,61.16 2 0
github.com/turtlepavlo/sso/internal/storage/user_repo.go:61.16,62.38 1 0
github.com/turtlepavlo/sso/internal/storage/user_repo.go:62.38,64.4 1 0
github.com/turtlepavlo/sso/internal/storage/user_repo.go:65.3,65.65 1 0
github.com/turtlepavlo/sso/internal/storage/user_repo.go:67.2,67.24 1 0
github.com/turtlepavlo/sso/internal/storage/user_repo.go:70.81,72.16 2 0
github.com/turtlepavlo/sso/internal/storage/user_repo.go:72.16,73.38 1 0
github.com/turtlepavlo/sso/internal/storage/user_repo.go:73.38,75.4 1 0
github.com/turtlepavlo/sso/internal/storage/user_repo.go:76.3,76.62 1 0
github.com/turtlepavlo/sso/internal/storage/user_repo.go:78.2,78.24 1 0
github.com/turtlepavlo/sso/internal/storage/user_repo.go:81.88,83.16 2 0
github.com/turtlepavlo/sso/internal/storage/user_repo.go:83.16,84.38 1 0
github.com/turtlepavlo/sso/internal/storage/user_repo.go:84.38,86.4 1 0
github.com/turtlepavlo/sso/internal/storage/user_repo.go:87.3,87.65 1 0
github.com/turtlepavlo/sso/internal/storage/user_repo.go:89.2,89.24 1 0
github.com/turtlepavlo/sso/internal/storage/convertor.go:5.54,13.2 1 1
github.com/turtlepavlo/sso/internal/storage/convertor.go:15.66,21.2 1 1
github.com/turtlepavlo/sso/internal/storage/convertor.go:23.54,36.2 1 1
github.com/turtlepavlo/sso/internal/storage/dto.go:14.42,14.60 1 1
github.com/turtlepavlo/sso/internal/storage/dto.go:24.41,24.63 1 1
github.com/turtlepavlo/sso/internal/storage/user_repo.go:18.41,20.2 1 1
github.com/turtlepavlo/sso/internal/storage/user_repo.go:22.68,23.69 1 1
github.com/turtlepavlo/sso/internal/storage/user_repo.go:23.69,25.54 2 1
github.com/turtlepavlo/sso/internal/storage/user_repo.go:25.54,27.4 1 1
github.com/turtlepavlo/sso/internal/storage/user_repo.go:29.3,30.54 2 1
github.com/turtlepavlo/sso/internal/storage/user_repo.go:30.54,32.4 1 0
github.com/turtlepavlo/sso/internal/storage/user_repo.go:34.3,35.13 2 1
github.com/turtlepavlo/sso/internal/storage/user_repo.go:39.112,49.16 3 1
github.com/turtlepavlo/sso/internal/storage/user_repo.go:49.16,50.45 1 1
github.com/turtlepavlo/sso/internal/storage/user_repo.go:50.45,52.4 1 1
github.com/turtlepavlo/sso/internal/storage/user_repo.go:53.3,53.18 1 0
github.com/turtlepavlo/sso/internal/storage/user_repo.go:56.2,56.36 1 1
github.com/turtlepavlo/sso/internal/storage/user_repo.go:59.88,61.16 2 1
github.com/turtlepavlo/sso/internal/storage/user_repo.go:61.16,62.38 1 1
github.com/turtlepavlo/sso/internal/storage/user_repo.go:62.38,64.4 1 1
github.com/turtlepavlo/sso/internal/storage/user_repo.go:65.3,65.65 1 0
github.com/turtlepavlo/sso/internal/storage/user_repo.go:67.2,67.24 1 1
github.com/turtlepavlo/sso/internal/storage/user_repo.go:70.81,72.16 2 1
github.com/turtlepavlo/sso/internal/storage/user_repo.go:72.16,73.38 1 0
github.com/turtlepavlo/sso/internal/storage/user_repo.go:73.38,75.4 1 0
github.com/turtlepavlo/sso/internal/storage/user_repo.go:76.3,76.62 1 0
github.com/turtlepavlo/sso/internal/storage/user_repo.go:78.2,78.24 1 1
github.com/turtlepavlo/sso/internal/storage/user_repo.go:81.88,83.16 2 1
github.com/turtlepavlo/sso/internal/storage/user_repo.go:83.16,84.38 1 0
github.com/turtlepavlo/sso/internal/storage/user_repo.go:84.38,86.4 1 0
github.com/turtlepavlo/sso/internal/storage/user_repo.go:87.3,87.65 1 0
github.com/turtlepavlo/sso/internal/storage/user_repo.go:89.2,89.24 1 1
